[dai.163.com/index.html]
[backblue.gif]
[fade.gif]
[index.html]
[dai.163.com/homepage.html]
[dai.163.com/prerepay/index.html]
[dai.163.com/help_apply.html]
[dai.163.com/activity/p201605.html]
[dai.163.com/activity/201602531a.html]
[dai.163.com/activity/201601531a.html]
[dai.163.com/help_fund.html]
[dai.163.com/help_about.html]
[dai.163.com/index.html]
[dai.163.com/homepage.html]
[dai.163.com/prerepay/index.html]
[dai.163.com/prerepay.html]
[dai.163.com/ga.js]
[dai.163.com/help_idcard.html]
[dai.163.com/help_normal.html]
[dai.163.com/help_apply.html]
[dai.163.com/activity/p201605.html]
[dai.163.com/activity/201602531a.html]
[dai.163.com/activity/201601531a.html]
[dai.163.com/help_fund.html]
[dai.163.com/help_about.html]
[dai.163.com/help_anytime.html]
[dai.163.com/__utm.gif]
[dai.163.com/ga.js]
[dai.163.com/prerepay.html]
[dai.163.com/help_idcard.html]
[dai.163.com/POST.json]
[dai.163.com/help_howloan.html]
[dai.163.com/help_howrepay.html]
[dai.163.com/help_normal.html]
[dai.163.com/help_anytime.html]
[dai.163.com/help_howloan.html]
[dai.163.com/help_howrepay.html]
[dai.163.com/help_prerepay.html]
[dai.163.com/help_prerepay.html]
